// Jest Snapshot v1, https://goo.gl/fbAQLP

exports[`Pruebas en <GitItem/> debe de hacer match con el snapshot 1`] = `
<div>
  <div
    class="card"
  >
    <img
      alt="Saitana"
      src="https://one-punch.com/saitana.jpg"
    />
    <p>
      Saitana
    </p>
  </div>
</div>
`;
